Loading project pipeline from new_model_code.ipynb ...
WARNING:tensorflow:From C:\Users\anmol\AppData\Local\Programs\Python\Python310\lib\site-packages\keras\src\losses.py:2976: The name tf.losses.sparse_softmax_cross_entropy is deprecated. Please use tf.compat.v1.losses.sparse_softmax_cross_entropy instead.

WARNING:tensorflow:AutoGraph could not transform <function make_dataset.<locals>._load at 0x00000287D6B5A320> and will run it as-is.
Cause: Unable to locate the source code of <function make_dataset.<locals>._load at 0x00000287D6B5A320>. Note that functions defined in certain environments, like the interactive Python shell, do not expose their source code. If that is the case, you should define them in a .py source file. If you are certain the code is graph-compatible, wrap the call using @tf.autograph.experimental.do_not_convert. Original error: source code not available
To silence this warning, decorate the function with @tf.autograph.experimental.do_not_convert
WARNING:tensorflow:AutoGraph could not transform <function make_dataset.<locals>.<lambda> at 0x00000287D6B5A440> and will run it as-is.
Please report this to the TensorFlow team. When filing the bug, set the verbosity to 10 (on Linux, `export AUTOGRAPH_VERBOSITY=10`) and attach the full output.
Cause: 'NoneType' object has no attribute '__dict__'
To silence this warning, decorate the function with @tf.autograph.experimental.do_not_convert
WARNING:tensorflow:AutoGraph could not transform <function make_dataset.<locals>._load at 0x00000287D6B5A7A0> and will run it as-is.
Cause: Unable to locate the source code of <function make_dataset.<locals>._load at 0x00000287D6B5A7A0>. Note that functions defined in certain environments, like the interactive Python shell, do not expose their source code. If that is the case, you should define them in a .py source file. If you are certain the code is graph-compatible, wrap the call using @tf.autograph.experimental.do_not_convert. Original error: source code not available
To silence this warning, decorate the function with @tf.autograph.experimental.do_not_convert
WARNING:tensorflow:AutoGraph could not transform <function make_dataset.<locals>.<lambda> at 0x00000287D6B5AB90> and will run it as-is.
Please report this to the TensorFlow team. When filing the bug, set the verbosity to 10 (on Linux, `export AUTOGRAPH_VERBOSITY=10`) and attach the full output.
Cause: 'NoneType' object has no attribute '__dict__'
To silence this warning, decorate the function with @tf.autograph.experimental.do_not_convert
WARNING:tensorflow:AutoGraph could not transform <function make_dataset.<locals>._load at 0x00000287D6B5AB90> and will run it as-is.
Cause: Unable to locate the source code of <function make_dataset.<locals>._load at 0x00000287D6B5AB90>. Note that functions defined in certain environments, like the interactive Python shell, do not expose their source code. If that is the case, you should define them in a .py source file. If you are certain the code is graph-compatible, wrap the call using @tf.autograph.experimental.do_not_convert. Original error: source code not available
To silence this warning, decorate the function with @tf.autograph.experimental.do_not_convert
WARNING:tensorflow:AutoGraph could not transform <function make_dataset.<locals>.<lambda> at 0x00000287D6B5A7A0> and will run it as-is.
Please report this to the TensorFlow team. When filing the bug, set the verbosity to 10 (on Linux, `export AUTOGRAPH_VERBOSITY=10`) and attach the full output.
Cause: 'NoneType' object has no attribute '__dict__'
To silence this warning, decorate the function with @tf.autograph.experimental.do_not_convert
WARNING:tensorflow:From C:\Users\anmol\AppData\Local\Programs\Python\Python310\lib\site-packages\keras\src\backend.py:1398: The name tf.executing_eagerly_outside_functions is deprecated. Please use tf.compat.v1.executing_eagerly_outside_functions instead.

WARNING:tensorflow:`input_shape` is undefined or non-square, or `rows` is not in [96, 128, 160, 192, 224]. Weights for input shape (224, 224) will be loaded as the default.
WARNING:tensorflow:From C:\Users\anmol\AppData\Local\Programs\Python\Python310\lib\site-packages\keras\src\layers\normalization\batch_normalization.py:979: The name tf.nn.fused_batch_norm is deprecated. Please use tf.compat.v1.nn.fused_batch_norm instead.

WARNING:tensorflow:AutoGraph could not transform <bound method AMFF.call of <AMFF object at 0x00000287D8E102E0>> and will run it as-is.
Cause: Unable to locate the source code of <bound method AMFF.call of <AMFF object at 0x00000287D8E102E0>>. Note that functions defined in certain environments, like the interactive Python shell, do not expose their source code. If that is the case, you should define them in a .py source file. If you are certain the code is graph-compatible, wrap the call using @tf.autograph.experimental.do_not_convert. Original error: source code not available
To silence this warning, decorate the function with @tf.autograph.experimental.do_not_convert
WARNING:tensorflow:AutoGraph could not transform <bound method CSAF.call of <CSAF object at 0x00000287DA0EBBE0>> and will run it as-is.
Cause: Unable to locate the source code of <bound method CSAF.call of <CSAF object at 0x00000287DA0EBBE0>>. Note that functions defined in certain environments, like the interactive Python shell, do not expose their source code. If that is the case, you should define them in a .py source file. If you are certain the code is graph-compatible, wrap the call using @tf.autograph.experimental.do_not_convert. Original error: source code not available
To silence this warning, decorate the function with @tf.autograph.experimental.do_not_convert
WARNING:tensorflow:AutoGraph could not transform <bound method SEAM.call of <SEAM object at 0x00000287DA12AB90>> and will run it as-is.
Cause: Unable to locate the source code of <bound method SEAM.call of <SEAM object at 0x00000287DA12AB90>>. Note that functions defined in certain environments, like the interactive Python shell, do not expose their source code. If that is the case, you should define them in a .py source file. If you are certain the code is graph-compatible, wrap the call using @tf.autograph.experimental.do_not_convert. Original error: source code not available
To silence this warning, decorate the function with @tf.autograph.experimental.do_not_convert
WARNING:tensorflow:`input_shape` is undefined or non-square, or `rows` is not in [96, 128, 160, 192, 224]. Weights for input shape (224, 224) will be loaded as the default.
WARNING:tensorflow:AutoGraph could not transform <bound method DetectionHead.call of <DetectionHead object at 0x00000287E41B26B0>> and will run it as-is.
Cause: Unable to locate the source code of <bound method DetectionHead.call of <DetectionHead object at 0x00000287E41B26B0>>. Note that functions defined in certain environments, like the interactive Python shell, do not expose their source code. If that is the case, you should define them in a .py source file. If you are certain the code is graph-compatible, wrap the call using @tf.autograph.experimental.do_not_convert. Original error: source code not available
To silence this warning, decorate the function with @tf.autograph.experimental.do_not_convert
  split: train=1260  val=180  test=360
  input: (200, 200, 3)   classes: ['crazing', 'inclusion', 'patches', 'pitted_surface', 'rolled-in_scale', 'scratches']
  schedule: 4 frozen + 4 finetune, seed 42

15 model(s) queued
============================================================

=== ResNet18 ===
WARNING:tensorflow:AutoGraph could not transform <function make_dataset.<locals>._load at 0x00000287C4E26C20> and will run it as-is.
Cause: Unable to locate the source code of <function make_dataset.<locals>._load at 0x00000287C4E26C20>. Note that functions defined in certain environments, like the interactive Python shell, do not expose their source code. If that is the case, you should define them in a .py source file. If you are certain the code is graph-compatible, wrap the call using @tf.autograph.experimental.do_not_convert. Original error: source code not available
To silence this warning, decorate the function with @tf.autograph.experimental.do_not_convert
WARNING:tensorflow:AutoGraph could not transform <function make_dataset.<locals>._aug at 0x00000287C4E272E0> and will run it as-is.
Cause: Unable to locate the source code of <function make_dataset.<locals>._aug at 0x00000287C4E272E0>. Note that functions defined in certain environments, like the interactive Python shell, do not expose their source code. If that is the case, you should define them in a .py source file. If you are certain the code is graph-compatible, wrap the call using @tf.autograph.experimental.do_not_convert. Original error: source code not available
To silence this warning, decorate the function with @tf.autograph.experimental.do_not_convert
WARNING:tensorflow:AutoGraph could not transform <function make_dataset.<locals>.<lambda> at 0x00000287C4E27760> and will run it as-is.
Please report this to the TensorFlow team. When filing the bug, set the verbosity to 10 (on Linux, `export AUTOGRAPH_VERBOSITY=10`) and attach the full output.
Cause: 'NoneType' object has no attribute '__dict__'
To silence this warning, decorate the function with @tf.autograph.experimental.do_not_convert
WARNING:tensorflow:AutoGraph could not transform <function make_dataset.<locals>._load at 0x00000287C4E276D0> and will run it as-is.
Cause: Unable to locate the source code of <function make_dataset.<locals>._load at 0x00000287C4E276D0>. Note that functions defined in certain environments, like the interactive Python shell, do not expose their source code. If that is the case, you should define them in a .py source file. If you are certain the code is graph-compatible, wrap the call using @tf.autograph.experimental.do_not_convert. Original error: source code not available
To silence this warning, decorate the function with @tf.autograph.experimental.do_not_convert
WARNING:tensorflow:AutoGraph could not transform <function make_dataset.<locals>.<lambda> at 0x00000287C4E277F0> and will run it as-is.
Please report this to the TensorFlow team. When filing the bug, set the verbosity to 10 (on Linux, `export AUTOGRAPH_VERBOSITY=10`) and attach the full output.
Cause: 'NoneType' object has no attribute '__dict__'
To silence this warning, decorate the function with @tf.autograph.experimental.do_not_convert
WARNING:tensorflow:From C:\Users\anmol\AppData\Local\Programs\Python\Python310\lib\site-packages\keras\src\utils\tf_utils.py:492: The name tf.ragged.RaggedTensorValue is deprecated. Please use tf.compat.v1.ragged.RaggedTensorValue instead.

WARNING:tensorflow:From C:\Users\anmol\AppData\Local\Programs\Python\Python310\lib\site-packages\keras\src\engine\base_layer_utils.py:384: The name tf.executing_eagerly_outside_functions is deprecated. Please use tf.compat.v1.executing_eagerly_outside_functions instead.

WARNING:tensorflow:AutoGraph could not transform <function make_dataset.<locals>._load at 0x00000287E2DB63B0> and will run it as-is.
Cause: Unable to locate the source code of <function make_dataset.<locals>._load at 0x00000287E2DB63B0>. Note that functions defined in certain environments, like the interactive Python shell, do not expose their source code. If that is the case, you should define them in a .py source file. If you are certain the code is graph-compatible, wrap the call using @tf.autograph.experimental.do_not_convert. Original error: source code not available
To silence this warning, decorate the function with @tf.autograph.experimental.do_not_convert
WARNING:tensorflow:AutoGraph could not transform <function make_dataset.<locals>.<lambda> at 0x00000287E4711090> and will run it as-is.
Please report this to the TensorFlow team. When filing the bug, set the verbosity to 10 (on Linux, `export AUTOGRAPH_VERBOSITY=10`) and attach the full output.
Cause: 'NoneType' object has no attribute '__dict__'
To silence this warning, decorate the function with @tf.autograph.experimental.do_not_convert
WARNING:tensorflow:AutoGraph could not transform <function count_flops.<locals>.<lambda> at 0x00000287E4711090> and will run it as-is.
Please report this to the TensorFlow team. When filing the bug, set the verbosity to 10 (on Linux, `export AUTOGRAPH_VERBOSITY=10`) and attach the full output.
Cause: 'NoneType' object has no attribute '__dict__'
To silence this warning, decorate the function with @tf.autograph.experimental.do_not_convert
WARNING:tensorflow:From C:\Users\anmol\AppData\Local\Programs\Python\Python310\lib\site-packages\tensorflow\python\profiler\internal\flops_registry.py:140: tensor_shape_from_node_def_name (from tensorflow.python.framework.graph_util_impl) is deprecated and will be removed in a future version.
Instructions for updating:
This API was designed for TensorFlow v1. See https://www.tensorflow.org/guide/migrate for instructions on how to migrate your code to TensorFlow v2.
WARNING:tensorflow:AutoGraph could not transform <function measure_latency.<locals>.<lambda> at 0x00000287E4711090> and will run it as-is.
Please report this to the TensorFlow team. When filing the bug, set the verbosity to 10 (on Linux, `export AUTOGRAPH_VERBOSITY=10`) and attach the full output.
Cause: 'NoneType' object has no attribute '__dict__'
To silence this warning, decorate the function with @tf.autograph.experimental.do_not_convert
  acc=71.39  macroF1=69.73  params=11,189,190  init=scratch  (4145s)

=== ResNet34 ===
WARNING:tensorflow:AutoGraph could not transform <function make_dataset.<locals>._load at 0x00000287E3046D40> and will run it as-is.
Cause: Unable to locate the source code of <function make_dataset.<locals>._load at 0x00000287E3046D40>. Note that functions defined in certain environments, like the interactive Python shell, do not expose their source code. If that is the case, you should define them in a .py source file. If you are certain the code is graph-compatible, wrap the call using @tf.autograph.experimental.do_not_convert. Original error: source code not available
To silence this warning, decorate the function with @tf.autograph.experimental.do_not_convert
WARNING:tensorflow:AutoGraph could not transform <function make_dataset.<locals>._aug at 0x00000287E40928C0> and will run it as-is.
Cause: Unable to locate the source code of <function make_dataset.<locals>._aug at 0x00000287E40928C0>. Note that functions defined in certain environments, like the interactive Python shell, do not expose their source code. If that is the case, you should define them in a .py source file. If you are certain the code is graph-compatible, wrap the call using @tf.autograph.experimental.do_not_convert. Original error: source code not available
To silence this warning, decorate the function with @tf.autograph.experimental.do_not_convert
WARNING:tensorflow:AutoGraph could not transform <function make_dataset.<locals>.<lambda> at 0x00000287B90E3D00> and will run it as-is.
Please report this to the TensorFlow team. When filing the bug, set the verbosity to 10 (on Linux, `export AUTOGRAPH_VERBOSITY=10`) and attach the full output.
Cause: 'NoneType' object has no attribute '__dict__'
To silence this warning, decorate the function with @tf.autograph.experimental.do_not_convert
WARNING:tensorflow:AutoGraph could not transform <function make_dataset.<locals>._load at 0x00000287E30465F0> and will run it as-is.
Cause: Unable to locate the source code of <function make_dataset.<locals>._load at 0x00000287E30465F0>. Note that functions defined in certain environments, like the interactive Python shell, do not expose their source code. If that is the case, you should define them in a .py source file. If you are certain the code is graph-compatible, wrap the call using @tf.autograph.experimental.do_not_convert. Original error: source code not available
To silence this warning, decorate the function with @tf.autograph.experimental.do_not_convert
WARNING:tensorflow:AutoGraph could not transform <function make_dataset.<locals>.<lambda> at 0x00000287B90E3BE0> and will run it as-is.
Please report this to the TensorFlow team. When filing the bug, set the verbosity to 10 (on Linux, `export AUTOGRAPH_VERBOSITY=10`) and attach the full output.
Cause: 'NoneType' object has no attribute '__dict__'
To silence this warning, decorate the function with @tf.autograph.experimental.do_not_convert
